{
  "username": "Tester1",
  "email": "test@test.test",
  "password": "test",
  "loginFlag": true
}